Removed Pin From Net: NetName=AUX Out 1 Pin=H2-3
Removed Pin From Net: NetName=AUX Out 2 Pin=H3-3
Removed Pin From Net: NetName=AUX Out 3 Pin=H4-3
Removed Pin From Net: NetName=AUX Out 4 Pin=H5-3
Removed Pin From Net: NetName=Main Out 1 Pin=H6-3
Removed Pin From Net: NetName=Main Out 2 Pin=H6-4
Removed Pin From Net: NetName=Main Out 3 Pin=H7-3
Removed Pin From Net: NetName=Main Out 4 Pin=H7-4
Removed Pin From Net: NetName=Main Out 5 Pin=H8-3
Removed Pin From Net: NetName=Main Out 6 Pin=H8-4
Added Component: Designator=H?([Header] 2x14 Male)
Added Pin To Net: NetName=Main Out 6 Pin=H?-6
Added Pin To Net: NetName=Main Out 5 Pin=H?-8
Added Pin To Net: NetName=Main Out 4 Pin=H?-10
Added Pin To Net: NetName=Main Out 3 Pin=H?-12
Added Pin To Net: NetName=Main Out 2 Pin=H?-14
Added Pin To Net: NetName=Main Out 1 Pin=H?-16
Added Pin To Net: NetName=AUX Out 4 Pin=H?-22
Added Pin To Net: NetName=AUX Out 3 Pin=H?-24
Added Pin To Net: NetName=AUX Out 2 Pin=H?-26
Added Pin To Net: NetName=AUX Out 1 Pin=H?-28
Added Pin To Net: NetName=AUX Out 1_X Pin=H2-3
Added Pin To Net: NetName=AUX Out 1_X Pin=H?-27
Added Net: Name=AUX Out 1_X
Added Pin To Net: NetName=AUX Out 2_X Pin=H3-3
Added Pin To Net: NetName=AUX Out 2_X Pin=H?-25
Added Net: Name=AUX Out 2_X
Added Pin To Net: NetName=AUX Out 3_X Pin=H4-3
Added Pin To Net: NetName=AUX Out 3_X Pin=H?-23
Added Net: Name=AUX Out 3_X
Added Pin To Net: NetName=AUX Out 4_X Pin=H5-3
Added Pin To Net: NetName=AUX Out 4_X Pin=H?-21
Added Net: Name=AUX Out 4_X
Added Pin To Net: NetName=AUX Out 5 Pin=H1-10
Added Pin To Net: NetName=AUX Out 5 Pin=H?-20
Added Net: Name=AUX Out 5
Added Pin To Net: NetName=AUX Out 6 Pin=H1-9
Added Pin To Net: NetName=AUX Out 6 Pin=H?-18
Added Net: Name=AUX Out 6
Added Pin To Net: NetName=Main Out 1_X Pin=H6-3
Added Pin To Net: NetName=Main Out 1_X Pin=H?-15
Added Net: Name=Main Out 1_X
Added Pin To Net: NetName=Main Out 2_X Pin=H6-4
Added Pin To Net: NetName=Main Out 2_X Pin=H?-13
Added Net: Name=Main Out 2_X
Added Pin To Net: NetName=Main Out 3_X Pin=H7-3
Added Pin To Net: NetName=Main Out 3_X Pin=H?-11
Added Net: Name=Main Out 3_X
Added Pin To Net: NetName=Main Out 4_X Pin=H7-4
Added Pin To Net: NetName=Main Out 4_X Pin=H?-9
Added Net: Name=Main Out 4_X
Added Pin To Net: NetName=Main Out 5_X Pin=H8-3
Added Pin To Net: NetName=Main Out 5_X Pin=H?-7
Added Net: Name=Main Out 5_X
Added Pin To Net: NetName=Main Out 6_X Pin=H8-4
Added Pin To Net: NetName=Main Out 6_X Pin=H?-5
Added Net: Name=Main Out 6_X
Added Pin To Net: NetName=Main Out 7 Pin=H1-2
Added Pin To Net: NetName=Main Out 7 Pin=H?-4
Added Net: Name=Main Out 7
Added Pin To Net: NetName=Main Out 8 Pin=H1-1
Added Pin To Net: NetName=Main Out 8 Pin=H?-2
Added Net: Name=Main Out 8
Added Member To Class: ClassName=CubePilot and Motor Drivers Member=Component H? 2x14 Header
