Removed Pin From Net: NetName=GND Pin=X3-1
Removed Pin From Net: NetName=GND Pin=X3-1
Removed Pin From Net: NetName=GND Pin=X3-1
Removed Pin From Net: NetName=GND Pin=X3-1
Removed Pin From Net: NetName=GND Pin=X3-1
Removed Pin From Net: NetName=GND Pin=X3-1
Removed Pin From Net: NetName=Battery VIN Pin=X4-1
Removed Pin From Net: NetName=Battery VIN Pin=X4-1
Removed Pin From Net: NetName=Battery VIN Pin=X4-1
Removed Pin From Net: NetName=Battery VIN Pin=X4-1
Removed Pin From Net: NetName=Battery VIN Pin=X4-1
Removed Pin From Net: NetName=Battery VIN Pin=X4-1
Change component parameters: Designator = "C21" ("C21"); Footprint = "[Cap] SMD 0805"; UniqueID = "\RRHKVESW" ("\RRHKVESW")
Change component parameters (AddParameter): Name = "Capacitance"; Value = "0.47uF"; VariantName = "[No Variations]"
Change component parameters (AddParameter): Name = "Size Package"; Value = "0805"; VariantName = "[No Variations]"
Change component parameters (AddParameter): Name = "Tolerance"; Value = "20%"; VariantName = "[No Variations]"
Change component parameters (AddParameter): Name = "Voltage"; Value = "50V"; VariantName = "[No Variations]"
Added Pin To Net: NetName=Battery VIN Pin=X3-1
Added Pin To Net: NetName=Battery VIN Pin=X3-1
Added Pin To Net: NetName=Battery VIN Pin=X3-1
Added Pin To Net: NetName=Battery VIN Pin=X3-1
Added Pin To Net: NetName=Battery VIN Pin=X3-1
Added Pin To Net: NetName=Battery VIN Pin=X3-1
Added Pin To Net: NetName=GND Pin=X4-1
Added Pin To Net: NetName=GND Pin=X4-1
Added Pin To Net: NetName=GND Pin=X4-1
Added Pin To Net: NetName=GND Pin=X4-1
Added Pin To Net: NetName=GND Pin=X4-1
Added Pin To Net: NetName=GND Pin=X4-1
