Added Component: Designator=C1([Cap] SMD Polarized, 4mm)
Add component (AddParameter): Name = "Capacitance"; Value = "47uF"; VariantName = "[No Variations]"
Add component (AddParameter): Name = "Diameter"; Value = "4mm"; VariantName = "[No Variations]"
Add component (AddParameter): Name = "JLC Part #"; Value = ""; VariantName = "[No Variations]"
Add component (AddParameter): Name = "Mouser Part #"; Value = ""; VariantName = "[No Variations]"
Added Component: Designator=C2([Cap] SMD Polarized, 4mm)
Add component (AddParameter): Name = "Capacitance"; Value = "47uF"; VariantName = "[No Variations]"
Add component (AddParameter): Name = "Diameter"; Value = "4mm"; VariantName = "[No Variations]"
Add component (AddParameter): Name = "JLC Part #"; Value = ""; VariantName = "[No Variations]"
Add component (AddParameter): Name = "Mouser Part #"; Value = ""; VariantName = "[No Variations]"
Added Component: Designator=C3([Cap] SMD 0805)
Add component (AddParameter): Name = "Capacitance"; Value = "0.1uF"; VariantName = "[No Variations]"
Add component (AddParameter): Name = "Size Package"; Value = "0805"; VariantName = "[No Variations]"
Add component (AddParameter): Name = "Tolerance"; Value = ""; VariantName = "[No Variations]"
Added Component: Designator=C4([Cap] SMD 0805)
Add component (AddParameter): Name = "Capacitance"; Value = "0.1uF"; VariantName = "[No Variations]"
Add component (AddParameter): Name = "Size Package"; Value = "0805"; VariantName = "[No Variations]"
Add component (AddParameter): Name = "Tolerance"; Value = ""; VariantName = "[No Variations]"
Added Component: Designator=C5([Cap] SMD 0805)
Add component (AddParameter): Name = "Capacitance"; Value = "100nF"; VariantName = "[No Variations]"
Add component (AddParameter): Name = "Size Package"; Value = "0805"; VariantName = "[No Variations]"
Add component (AddParameter): Name = "Tolerance"; Value = ""; VariantName = "[No Variations]"
Added Component: Designator=C6([Cap] SMD 0805)
Add component (AddParameter): Name = "Capacitance"; Value = "100nF"; VariantName = "[No Variations]"
Add component (AddParameter): Name = "Size Package"; Value = "0805"; VariantName = "[No Variations]"
Add component (AddParameter): Name = "Tolerance"; Value = ""; VariantName = "[No Variations]"
Added Component: Designator=C7([Cap] SMD 0805)
Add component (AddParameter): Name = "Capacitance"; Value = "100nF"; VariantName = "[No Variations]"
Add component (AddParameter): Name = "Size Package"; Value = "0805"; VariantName = "[No Variations]"
Add component (AddParameter): Name = "Tolerance"; Value = ""; VariantName = "[No Variations]"
Added Component: Designator=C8([Cap] SMD 0805)
Add component (AddParameter): Name = "Capacitance"; Value = "100nF"; VariantName = "[No Variations]"
Add component (AddParameter): Name = "Size Package"; Value = "0805"; VariantName = "[No Variations]"
Add component (AddParameter): Name = "Tolerance"; Value = ""; VariantName = "[No Variations]"
Added Component: Designator=C9([Cap] SMD 0805)
Add component (AddParameter): Name = "Capacitance"; Value = "100nF"; VariantName = "[No Variations]"
Add component (AddParameter): Name = "Size Package"; Value = "0805"; VariantName = "[No Variations]"
Add component (AddParameter): Name = "Tolerance"; Value = ""; VariantName = "[No Variations]"
Added Component: Designator=H1([Header] 1x14 Right Angle Male)
Added Component: Designator=H2([Header] Shrouded 1x3 Right Angle Male)
Added Component: Designator=H3([Header] Shrouded 1x3 Right Angle Male)
Added Component: Designator=H4([Header] Shrouded 1x3 Right Angle Male)
Added Component: Designator=H5([Header] Shrouded 1x3 Right Angle Male)
Added Component: Designator=H6([Header] Shrouded 1x3 Right Angle Male)
Added Component: Designator=H7([Header] Shrouded 1x4 Right Angle Male)
Added Component: Designator=H8([Header] Shrouded 1x4 Right Angle Male)
Added Component: Designator=H9([Header] Shrouded 1x4 Right Angle Male)
Added Component: Designator=H10([Header] 1x6 Male)
Added Component: Designator=H12([Header] Shrouded 2x5 Male)
Added Component: Designator=H13([Header] 1x3 Male)
Added Component: Designator=H14([Header] Shrouded 2x5 Male)
Added Component: Designator=H15([Header] Shrouded 2x5 Male)
Added Component: Designator=H?([Header] Shrouded 1x4 Right Angle Male)
Added Component: Designator=R1([Res] SMD 0805)
Add component (AddParameter): Name = "Resistance"; Value = "1k"; VariantName = "[No Variations]"
Add component (AddParameter): Name = "Size Package"; Value = "0805"; VariantName = "[No Variations]"
Add component (AddParameter): Name = "Tolerance"; Value = ""; VariantName = "[No Variations]"
Added Component: Designator=R2([Res] SMD 0805)
Add component (AddParameter): Name = "Resistance"; Value = "330"; VariantName = "[No Variations]"
Add component (AddParameter): Name = "Size Package"; Value = "0805"; VariantName = "[No Variations]"
Add component (AddParameter): Name = "Tolerance"; Value = ""; VariantName = "[No Variations]"
Added Component: Designator=Radio1([Device] RFDX900 Radio)
Added Component: Designator=U1([Reg] Variable Voltage Regulator)
Added Component: Designator=X1([Device] Raspberry Pi 5)
Added Component: Designator=X2([Port] Shank Connector (100A))
Added Component: Designator=X3([Port] Shank Connector (100A))
Added Component: Designator=X4([Port] Shank Connector (100A))
Added Component: Designator=X5([Port] Shank Connector (100A))
Added Pin To Net: NetName=+5V Pin=C2-1
Added Pin To Net: NetName=+5V Pin=C4-2
Added Pin To Net: NetName=+5V Pin=C5-1
Added Pin To Net: NetName=+5V Pin=C6-1
Added Pin To Net: NetName=+5V Pin=C7-2
Added Pin To Net: NetName=+5V Pin=C8-2
Added Pin To Net: NetName=+5V Pin=C9-2
Added Pin To Net: NetName=+5V Pin=H3-2
Added Pin To Net: NetName=+5V Pin=H4-2
Added Pin To Net: NetName=+5V Pin=H5-2
Added Pin To Net: NetName=+5V Pin=H6-2
Added Pin To Net: NetName=+5V Pin=H7-1
Added Pin To Net: NetName=+5V Pin=H8-1
Added Pin To Net: NetName=+5V Pin=H9-1
Added Pin To Net: NetName=+5V Pin=H12-1
Added Pin To Net: NetName=+5V Pin=H12-2
Added Pin To Net: NetName=+5V Pin=H14-1
Added Pin To Net: NetName=+5V Pin=H14-2
Added Pin To Net: NetName=+5V Pin=H15-1
Added Pin To Net: NetName=+5V Pin=H15-2
Added Pin To Net: NetName=+5V Pin=R1-2
Added Pin To Net: NetName=+5V Pin=Radio1-4
Added Pin To Net: NetName=+5V Pin=U1-4
Added Net: Name=+5V
Added Pin To Net: NetName=AUX Out 1 Pin=H1-14
Added Pin To Net: NetName=AUX Out 1 Pin=H3-3
Added Net: Name=AUX Out 1
Added Pin To Net: NetName=AUX Out 2 Pin=H1-13
Added Pin To Net: NetName=AUX Out 2 Pin=H4-3
Added Net: Name=AUX Out 2
Added Pin To Net: NetName=AUX Out 3 Pin=H1-12
Added Pin To Net: NetName=AUX Out 3 Pin=H5-3
Added Net: Name=AUX Out 3
Added Pin To Net: NetName=AUX Out 4 Pin=H1-11
Added Pin To Net: NetName=AUX Out 4 Pin=H6-3
Added Net: Name=AUX Out 4
Added Pin To Net: NetName=Battery RX Pin=H2-2
Added Pin To Net: NetName=Battery RX Pin=X1-8
Added Net: Name=Battery RX
Added Pin To Net: NetName=Battery TX Pin=H2-3
Added Pin To Net: NetName=Battery TX Pin=X1-10
Added Net: Name=Battery TX
Added Pin To Net: NetName=Battery VIN Pin=C1-1
Added Pin To Net: NetName=Battery VIN Pin=C3-2
Added Pin To Net: NetName=Battery VIN Pin=U1-1
Added Pin To Net: NetName=Battery VIN Pin=U1-2
Added Pin To Net: NetName=Battery VIN Pin=X2-1
Added Pin To Net: NetName=Battery VIN Pin=X2-1
Added Pin To Net: NetName=Battery VIN Pin=X2-1
Added Pin To Net: NetName=Battery VIN Pin=X2-1
Added Pin To Net: NetName=Battery VIN Pin=X2-1
Added Pin To Net: NetName=Battery VIN Pin=X2-1
Added Pin To Net: NetName=Battery VIN Pin=X3-1
Added Pin To Net: NetName=Battery VIN Pin=X3-1
Added Pin To Net: NetName=Battery VIN Pin=X3-1
Added Pin To Net: NetName=Battery VIN Pin=X3-1
Added Pin To Net: NetName=Battery VIN Pin=X3-1
Added Pin To Net: NetName=Battery VIN Pin=X3-1
Added Net: Name=Battery VIN
Added Pin To Net: NetName=Control 1 Pin=H12-5
Added Pin To Net: NetName=Control 1 Pin=H12-6
Added Pin To Net: NetName=Control 1 Pin=H14-5
Added Pin To Net: NetName=Control 1 Pin=H14-6
Added Pin To Net: NetName=Control 1 Pin=H15-5
Added Pin To Net: NetName=Control 1 Pin=H15-6
Added Net: Name=Control 1
Added Pin To Net: NetName=Control 2 Pin=H12-7
Added Pin To Net: NetName=Control 2 Pin=H12-8
Added Pin To Net: NetName=Control 2 Pin=H14-7
Added Pin To Net: NetName=Control 2 Pin=H14-8
Added Pin To Net: NetName=Control 2 Pin=H15-7
Added Pin To Net: NetName=Control 2 Pin=H15-8
Added Net: Name=Control 2
Added Pin To Net: NetName=Earth Pin=H2-MH1
Added Pin To Net: NetName=Earth Pin=H2-MH2
Added Pin To Net: NetName=Earth Pin=H3-MH1
Added Pin To Net: NetName=Earth Pin=H3-MH2
Added Pin To Net: NetName=Earth Pin=H4-MH1
Added Pin To Net: NetName=Earth Pin=H4-MH2
Added Pin To Net: NetName=Earth Pin=H5-MH1
Added Pin To Net: NetName=Earth Pin=H5-MH2
Added Pin To Net: NetName=Earth Pin=H6-MH1
Added Pin To Net: NetName=Earth Pin=H6-MH2
Added Pin To Net: NetName=Earth Pin=H7-MH1
Added Pin To Net: NetName=Earth Pin=H7-MH2
Added Pin To Net: NetName=Earth Pin=H8-MH1
Added Pin To Net: NetName=Earth Pin=H8-MH2
Added Pin To Net: NetName=Earth Pin=H9-MH1
Added Pin To Net: NetName=Earth Pin=H9-MH2
Added Net: Name=Earth
Added Pin To Net: NetName=GND Pin=C1-2
Added Pin To Net: NetName=GND Pin=C2-2
Added Pin To Net: NetName=GND Pin=C3-1
Added Pin To Net: NetName=GND Pin=C4-1
Added Pin To Net: NetName=GND Pin=C5-2
Added Pin To Net: NetName=GND Pin=C6-2
Added Pin To Net: NetName=GND Pin=C7-1
Added Pin To Net: NetName=GND Pin=C8-1
Added Pin To Net: NetName=GND Pin=C9-1
Added Pin To Net: NetName=GND Pin=H2-1
Added Pin To Net: NetName=GND Pin=H3-1
Added Pin To Net: NetName=GND Pin=H4-1
Added Pin To Net: NetName=GND Pin=H5-1
Added Pin To Net: NetName=GND Pin=H6-1
Added Pin To Net: NetName=GND Pin=H7-4
Added Pin To Net: NetName=GND Pin=H8-4
Added Pin To Net: NetName=GND Pin=H9-4
Added Pin To Net: NetName=GND Pin=H10-6
Added Pin To Net: NetName=GND Pin=H12-9
Added Pin To Net: NetName=GND Pin=H12-10
Added Pin To Net: NetName=GND Pin=H14-9
Added Pin To Net: NetName=GND Pin=H14-10
Added Pin To Net: NetName=GND Pin=H15-9
Added Pin To Net: NetName=GND Pin=H15-10
Added Pin To Net: NetName=GND Pin=H?-4
Added Pin To Net: NetName=GND Pin=R2-1
Added Pin To Net: NetName=GND Pin=Radio1-1
Added Pin To Net: NetName=GND Pin=Radio1-2
Added Pin To Net: NetName=GND Pin=Radio1-16
Added Pin To Net: NetName=GND Pin=U1-3
Added Pin To Net: NetName=GND Pin=X1-GND
Added Pin To Net: NetName=GND Pin=X1-GND
Added Pin To Net: NetName=GND Pin=X1-GND
Added Pin To Net: NetName=GND Pin=X1-GND
Added Pin To Net: NetName=GND Pin=X1-GND
Added Pin To Net: NetName=GND Pin=X1-GND
Added Pin To Net: NetName=GND Pin=X1-GND
Added Pin To Net: NetName=GND Pin=X4-1
Added Pin To Net: NetName=GND Pin=X4-1
Added Pin To Net: NetName=GND Pin=X4-1
Added Pin To Net: NetName=GND Pin=X4-1
Added Pin To Net: NetName=GND Pin=X4-1
Added Pin To Net: NetName=GND Pin=X4-1
Added Pin To Net: NetName=GND Pin=X5-1
Added Pin To Net: NetName=GND Pin=X5-1
Added Pin To Net: NetName=GND Pin=X5-1
Added Pin To Net: NetName=GND Pin=X5-1
Added Pin To Net: NetName=GND Pin=X5-1
Added Pin To Net: NetName=GND Pin=X5-1
Added Net: Name=GND
Added Pin To Net: NetName=Main Out 1 Pin=H1-8
Added Pin To Net: NetName=Main Out 1 Pin=H12-3
Added Net: Name=Main Out 1
Added Pin To Net: NetName=Main Out 2 Pin=H1-7
Added Pin To Net: NetName=Main Out 2 Pin=H12-4
Added Net: Name=Main Out 2
Added Pin To Net: NetName=Main Out 3 Pin=H1-6
Added Pin To Net: NetName=Main Out 3 Pin=H14-3
Added Net: Name=Main Out 3
Added Pin To Net: NetName=Main Out 4 Pin=H1-5
Added Pin To Net: NetName=Main Out 4 Pin=H14-4
Added Net: Name=Main Out 4
Added Pin To Net: NetName=Main Out 5 Pin=H1-4
Added Pin To Net: NetName=Main Out 5 Pin=H15-3
Added Net: Name=Main Out 5
Added Pin To Net: NetName=Main Out 6 Pin=H1-3
Added Pin To Net: NetName=Main Out 6 Pin=H15-4
Added Net: Name=Main Out 6
Added Pin To Net: NetName=NetR1_1 Pin=R1-1
Added Pin To Net: NetName=NetR1_1 Pin=R2-2
Added Pin To Net: NetName=NetR1_1 Pin=U1-5
Added Net: Name=NetR1_1
Added Pin To Net: NetName=Radio CTS Pin=H10-4
Added Pin To Net: NetName=Radio CTS Pin=Radio1-3
Added Net: Name=Radio CTS
Added Pin To Net: NetName=Radio RTS Pin=H10-5
Added Pin To Net: NetName=Radio RTS Pin=Radio1-11
Added Net: Name=Radio RTS
Added Pin To Net: NetName=Radio RX Pin=H10-2
Added Pin To Net: NetName=Radio RX Pin=Radio1-7
Added Net: Name=Radio RX
Added Pin To Net: NetName=Radio TX Pin=H10-3
Added Pin To Net: NetName=Radio TX Pin=Radio1-9
Added Net: Name=Radio TX
Added Pin To Net: NetName=SCL Pin=H7-3
Added Pin To Net: NetName=SCL Pin=H8-3
Added Pin To Net: NetName=SCL Pin=H9-3
Added Pin To Net: NetName=SCL Pin=H?-2
Added Pin To Net: NetName=SCL Pin=X1-5
Added Net: Name=SCL
Added Pin To Net: NetName=SDA Pin=H7-2
Added Pin To Net: NetName=SDA Pin=H8-2
Added Pin To Net: NetName=SDA Pin=H9-2
Added Pin To Net: NetName=SDA Pin=H?-3
Added Pin To Net: NetName=SDA Pin=X1-3
Added Net: Name=SDA
Added Class: Name=Devices
Added Class: Name=Power
Added Class: Name=Motor VOUT
Added Rule: Name=Schematic Supply Nets
Added Rule: Name=Schematic Supply Nets_1
Added Rule: Name=Schematic Supply Nets_2
Added Rule: Name=Schematic Supply Nets_3
