Removed Pin From Net: NetName=GND Pin=C7-1
Removed Pin From Net: NetName=+5V Pin=C7-2
Removed Pin From Net: NetName=GND Pin=C8-1
Removed Pin From Net: NetName=+5V Pin=C8-2
Removed Pin From Net: NetName=+5V Pin=C9-2
Removed Pin From Net: NetName=Battery RX Pin=H2-2
Removed Pin From Net: NetName=Battery TX Pin=H2-3
Removed Pin From Net: NetName=AUX Out 1 Pin=H3-3
Removed Pin From Net: NetName=AUX Out 2 Pin=H4-3
Removed Pin From Net: NetName=GND Pin=H5-1
Removed Pin From Net: NetName=+5V Pin=H5-2
Removed Pin From Net: NetName=AUX Out 3 Pin=H5-3
Removed Pin From Net: NetName=Earth Pin=H5-MH1
Removed Pin From Net: NetName=Earth Pin=H5-MH2
Removed Pin From Net: NetName=GND Pin=H6-1
Removed Pin From Net: NetName=AUX Out 4 Pin=H6-3
Removed Pin From Net: NetName=Earth Pin=H6-MH1
Removed Pin From Net: NetName=Earth Pin=H6-MH2
Removed Pin From Net: NetName=SDA Pin=H7-2
Removed Pin From Net: NetName=SCL Pin=H7-3
Removed Pin From Net: NetName=GND Pin=H7-4
Removed Pin From Net: NetName=Earth Pin=H7-MH1
Removed Pin From Net: NetName=Earth Pin=H7-MH2
Removed Pin From Net: NetName=SDA Pin=H8-2
Removed Pin From Net: NetName=SCL Pin=H8-3
Removed Pin From Net: NetName=GND Pin=H8-4
Removed Pin From Net: NetName=Earth Pin=H8-MH1
Removed Pin From Net: NetName=Earth Pin=H8-MH2
Removed Pin From Net: NetName=Radio RX Pin=H10-2
Removed Pin From Net: NetName=Radio TX Pin=H10-3
Removed Pin From Net: NetName=Radio CTS Pin=H10-4
Removed Pin From Net: NetName=Radio RTS Pin=H10-5
Removed Pin From Net: NetName=GND Pin=H10-6
Removed Pin From Net: NetName=+5V Pin=H12-2
Removed Pin From Net: NetName=Main Out 1 Pin=H12-3
Removed Pin From Net: NetName=Main Out 2 Pin=H12-4
Removed Pin From Net: NetName=Control 1 Pin=H12-5
Removed Pin From Net: NetName=Control 1 Pin=H12-6
Removed Pin From Net: NetName=Control 2 Pin=H12-7
Removed Pin From Net: NetName=Control 2 Pin=H12-8
Removed Pin From Net: NetName=GND Pin=H12-9
Removed Pin From Net: NetName=GND Pin=H12-10
Removed Pin From Net: NetName=+5V Pin=H14-2
Removed Pin From Net: NetName=Main Out 3 Pin=H14-3
Removed Pin From Net: NetName=Main Out 4 Pin=H14-4
Removed Pin From Net: NetName=Control 1 Pin=H14-5
Removed Pin From Net: NetName=Control 1 Pin=H14-6
Removed Pin From Net: NetName=Control 2 Pin=H14-7
Removed Pin From Net: NetName=Control 2 Pin=H14-8
Removed Pin From Net: NetName=GND Pin=H14-9
Removed Pin From Net: NetName=GND Pin=H14-10
Removed Pin From Net: NetName=+5V Pin=H15-2
Removed Pin From Net: NetName=Main Out 5 Pin=H15-3
Removed Pin From Net: NetName=Main Out 6 Pin=H15-4
Removed Pin From Net: NetName=Control 1 Pin=H15-5
Removed Pin From Net: NetName=Control 1 Pin=H15-6
Removed Pin From Net: NetName=Control 2 Pin=H15-7
Removed Pin From Net: NetName=Control 2 Pin=H15-8
Removed Pin From Net: NetName=GND Pin=H15-9
Removed Pin From Net: NetName=GND Pin=H15-10
Removed Pin From Net: NetName=SCL Pin=H?-2
Removed Pin From Net: NetName=SDA Pin=H?-3
Removed Pin From Net: NetName=GND Pin=H?-4
Removed Pin From Net: NetName=Battery VIN Pin=X3-1
Removed Pin From Net: NetName=Battery VIN Pin=X3-1
Removed Pin From Net: NetName=Battery VIN Pin=X3-1
Removed Pin From Net: NetName=Battery VIN Pin=X3-1
Removed Pin From Net: NetName=Battery VIN Pin=X3-1
Removed Pin From Net: NetName=Battery VIN Pin=X3-1
Removed Pin From Net: NetName=GND Pin=X4-1
Removed Pin From Net: NetName=GND Pin=X4-1
Removed Pin From Net: NetName=GND Pin=X4-1
Removed Pin From Net: NetName=GND Pin=X4-1
Removed Pin From Net: NetName=GND Pin=X4-1
Removed Pin From Net: NetName=GND Pin=X4-1
Removed Member From Class: ClassName=Devices Member=C5
Removed Member From Class: ClassName=Devices Member=C6
Removed Member From Class: ClassName=Devices Member=C7
Removed Member From Class: ClassName=Devices Member=C8
Removed Member From Class: ClassName=Devices Member=C9
Removed Member From Class: ClassName=Devices Member=H9
Removed Member From Class: ClassName=Devices Member=H10
Removed Member From Class: ClassName=Devices Member=H12
Removed Member From Class: ClassName=Devices Member=H13
Removed Member From Class: ClassName=Devices Member=H14
Removed Member From Class: ClassName=Devices Member=H15
Removed Member From Class: ClassName=Devices Member=H?
Removed Member From Class: ClassName=Devices Member=Radio1
Removed Member From Class: ClassName=Devices Member=X1
Removed Member From Class: ClassName=Devices Member=X2
Removed Member From Class: ClassName=Devices Member=X3
Removed Member From Class: ClassName=Devices Member=X4
Removed Member From Class: ClassName=Devices Member=X5
Change Component Footprint: Designator=C7 Old Footprint=[Cap] SMD 0805 New Footprint=[Cap] SMD Polarized, 4mm
Change Component Footprint: Designator=C8 Old Footprint=[Cap] SMD 0805 New Footprint=[Cap] SMD Polarized, 4mm
Change Component Footprint: Designator=H13 Old Footprint=[Header] 1x3 Male New Footprint=[Header] Shrouded 1x4 Male
Change Component Footprint: Designator=H10 Old Footprint=[Header] 1x6 Male New Footprint=[Header] Shrouded 1x4 Right Angle Male
Change Component Footprint: Designator=H6 Old Footprint=[Header] Shrouded 1x3 Right Angle Male New Footprint=[Header] Shrouded 2x5 Male
Change Component Footprint: Designator=H? Old Footprint=[Header] Shrouded 1x4 Right Angle Male New Footprint=[Header] Shrouded 1x3 Right Angle Male
Change Component Footprint: Designator=H7 Old Footprint=[Header] Shrouded 1x4 Right Angle Male New Footprint=[Header] Shrouded 2x5 Male
Change Component Footprint: Designator=H8 Old Footprint=[Header] Shrouded 1x4 Right Angle Male New Footprint=[Header] Shrouded 2x5 Male
Change Component Footprint: Designator=H12 Old Footprint=[Header] Shrouded 2x5 Male New Footprint=[Header] Shrouded 1x4 Male
Change Component Footprint: Designator=H14 Old Footprint=[Header] Shrouded 2x5 Male New Footprint=[Header] Shrouded 1x4 Male
Change Component Footprint: Designator=H15 Old Footprint=[Header] Shrouded 2x5 Male New Footprint=[Header] Shrouded 1x4 Male
Change Component Comment : Designator=H13 Old Comment=1x3 Header New Comment=1x4 Male
Change Component Comment : Designator=H10 Old Comment=1x6 Header New Comment=171975-0004
Change Component Comment : Designator=H12 Old Comment=2x5 Shrouded New Comment=1x4 Male
Change Component Comment : Designator=H14 Old Comment=2x5 Shrouded New Comment=1x4 Male
Change Component Comment : Designator=H15 Old Comment=2x5 Shrouded New Comment=1x4 Male
Change Component Comment : Designator=H6 Old Comment=171975-0003 New Comment=2x5 Shrouded
Change Component Comment : Designator=H7 Old Comment=171975-0004 New Comment=2x5 Shrouded
Change Component Comment : Designator=H8 Old Comment=171975-0004 New Comment=2x5 Shrouded
Change Component Comment : Designator=H? Old Comment=171975-0004 New Comment=171975-0003
Change Component Comment : Designator=C7 Old Comment=SMD Nonpolarized New Comment=SMD Polarized
Change Component Comment : Designator=C8 Old Comment=SMD Nonpolarized New Comment=SMD Polarized
Change Component Designator: OldDesignator=H? NewDesignator=H5
Change component parameters: Designator = "C7" ("C7"); Footprint = "[Cap] SMD 0805"; UniqueID = "\HJFWNVUU" ("\HJFWNVUU")
Change component parameters (AddParameter): Name = "Capacitance"; Value = "47uF"; VariantName = "[No Variations]"
Change component parameters (AddParameter): Name = "Diameter"; Value = "4mm"; VariantName = "[No Variations]"
Change component parameters (AddParameter): Name = "JLC Part #"; Value = ""; VariantName = "[No Variations]"
Change component parameters (AddParameter): Name = "Mouser Part #"; Value = ""; VariantName = "[No Variations]"
Change component parameters: Designator = "C8" ("C8"); Footprint = "[Cap] SMD 0805"; UniqueID = "\VZAHYVPR" ("\VZAHYVPR")
Change component parameters (AddParameter): Name = "Capacitance"; Value = "47uF"; VariantName = "[No Variations]"
Change component parameters (AddParameter): Name = "Diameter"; Value = "4mm"; VariantName = "[No Variations]"
Change component parameters (AddParameter): Name = "JLC Part #"; Value = ""; VariantName = "[No Variations]"
Change component parameters (AddParameter): Name = "Mouser Part #"; Value = ""; VariantName = "[No Variations]"
Change component parameters: Designator = "C9" ("C9"); Footprint = "[Cap] SMD 0805"; UniqueID = "\ZLBCXMOM" ("\ZLBCXMOM")
Change component parameters (AddParameter): Name = "Capacitance"; Value = "0.1uF"; VariantName = "[No Variations]"
Change component parameters (AddParameter): Name = "Size Package"; Value = "0805"; VariantName = "[No Variations]"
Change component parameters (AddParameter): Name = "Tolerance"; Value = ""; VariantName = "[No Variations]"
Added Component: Designator=C10([Cap] SMD 0805)
Add component (AddParameter): Name = "Capacitance"; Value = "0.1uF"; VariantName = "[No Variations]"
Add component (AddParameter): Name = "Size Package"; Value = "0805"; VariantName = "[No Variations]"
Add component (AddParameter): Name = "Tolerance"; Value = ""; VariantName = "[No Variations]"
Added Component: Designator=C11([Cap] SMD 0805)
Add component (AddParameter): Name = "Capacitance"; Value = "100nF"; VariantName = "[No Variations]"
Add component (AddParameter): Name = "Size Package"; Value = "0805"; VariantName = "[No Variations]"
Add component (AddParameter): Name = "Tolerance"; Value = ""; VariantName = "[No Variations]"
Added Component: Designator=C12([Cap] SMD 0805)
Add component (AddParameter): Name = "Capacitance"; Value = "100nF"; VariantName = "[No Variations]"
Add component (AddParameter): Name = "Size Package"; Value = "0805"; VariantName = "[No Variations]"
Add component (AddParameter): Name = "Tolerance"; Value = ""; VariantName = "[No Variations]"
Added Component: Designator=C13([Cap] SMD 0805)
Add component (AddParameter): Name = "Capacitance"; Value = "100nF"; VariantName = "[No Variations]"
Add component (AddParameter): Name = "Size Package"; Value = "0805"; VariantName = "[No Variations]"
Add component (AddParameter): Name = "Tolerance"; Value = ""; VariantName = "[No Variations]"
Added Component: Designator=C14([Cap] SMD 0805)
Add component (AddParameter): Name = "Capacitance"; Value = "100nF"; VariantName = "[No Variations]"
Add component (AddParameter): Name = "Size Package"; Value = "0805"; VariantName = "[No Variations]"
Add component (AddParameter): Name = "Tolerance"; Value = ""; VariantName = "[No Variations]"
Added Component: Designator=C15([Cap] SMD 0805)
Add component (AddParameter): Name = "Capacitance"; Value = "100nF"; VariantName = "[No Variations]"
Add component (AddParameter): Name = "Size Package"; Value = "0805"; VariantName = "[No Variations]"
Add component (AddParameter): Name = "Tolerance"; Value = ""; VariantName = "[No Variations]"
Added Component: Designator=C16([Cap] SMD 0805)
Add component (AddParameter): Name = "Capacitance"; Value = "100nF"; VariantName = "[No Variations]"
Add component (AddParameter): Name = "Size Package"; Value = "0805"; VariantName = "[No Variations]"
Add component (AddParameter): Name = "Tolerance"; Value = ""; VariantName = "[No Variations]"
Added Component: Designator=C17([Cap] SMD 0805)
Add component (AddParameter): Name = "Capacitance"; Value = "100nF"; VariantName = "[No Variations]"
Add component (AddParameter): Name = "Size Package"; Value = "0805"; VariantName = "[No Variations]"
Add component (AddParameter): Name = "Tolerance"; Value = ""; VariantName = "[No Variations]"
Added Component: Designator=C18([Cap] SMD 0805)
Add component (AddParameter): Name = "Capacitance"; Value = "100nF"; VariantName = "[No Variations]"
Add component (AddParameter): Name = "Size Package"; Value = "0805"; VariantName = "[No Variations]"
Add component (AddParameter): Name = "Tolerance"; Value = ""; VariantName = "[No Variations]"
Added Component: Designator=C19([Cap] SMD 0805)
Add component (AddParameter): Name = "Capacitance"; Value = "100nF"; VariantName = "[No Variations]"
Add component (AddParameter): Name = "Size Package"; Value = "0805"; VariantName = "[No Variations]"
Add component (AddParameter): Name = "Tolerance"; Value = ""; VariantName = "[No Variations]"
Added Component: Designator=H11([Header] Shrouded 1x4 Right Angle Male)
Added Component: Designator=H16([Header] Shrouded 1x4 Male)
Added Component: Designator=H17([Header] Shrouded 1x4 Male)
Added Component: Designator=H18([Header] Shrouded 1x3 Right Angle Male)
Added Component: Designator=Mount1([Mount] M3 Mount Hole)
Added Component: Designator=Mount2([Mount] M3 Mount Hole)
Added Component: Designator=Mount3([Mount] M3 Mount Hole)
Added Component: Designator=Mount4([Mount] M3 Mount Hole)
Added Component: Designator=R3([Res] SMD 0805)
Add component (AddParameter): Name = "Resistance"; Value = "10k"; VariantName = "[No Variations]"
Add component (AddParameter): Name = "Size Package"; Value = "0805"; VariantName = "[No Variations]"
Add component (AddParameter): Name = "Tolerance"; Value = ""; VariantName = "[No Variations]"
Added Component: Designator=R4([Res] SMD 0805)
Add component (AddParameter): Name = "Resistance"; Value = "6000"; VariantName = "[No Variations]"
Add component (AddParameter): Name = "Size Package"; Value = "0805"; VariantName = "[No Variations]"
Add component (AddParameter): Name = "Tolerance"; Value = ""; VariantName = "[No Variations]"
Added Component: Designator=U2([Reg] Variable Voltage Regulator)
Added Component: Designator=X6([JST] 5pin 2.54mm)
Added Component: Designator=X7([JST] 2PIN 2.54mm)
Added Pin To Net: NetName=Battery VIN Pin=C7-1
Added Pin To Net: NetName=GND Pin=C7-2
Added Pin To Net: NetName=GND Pin=C8-2
Added Pin To Net: NetName=Battery VIN Pin=C9-2
Added Pin To Net: NetName=GND Pin=C10-1
Added Pin To Net: NetName=GND Pin=C11-1
Added Pin To Net: NetName=+5V Pin=C11-2
Added Pin To Net: NetName=GND Pin=C12-1
Added Pin To Net: NetName=+5V Pin=C12-2
Added Pin To Net: NetName=GND Pin=C13-1
Added Pin To Net: NetName=+5V Pin=C13-2
Added Pin To Net: NetName=GND Pin=C14-1
Added Pin To Net: NetName=+5V Pin=C14-2
Added Pin To Net: NetName=GND Pin=C15-1
Added Pin To Net: NetName=+5V Pin=C15-2
Added Pin To Net: NetName=GND Pin=C16-1
Added Pin To Net: NetName=+5V Pin=C16-2
Added Pin To Net: NetName=GND Pin=C17-1
Added Pin To Net: NetName=+5V Pin=C17-2
Added Pin To Net: NetName=GND Pin=C18-1
Added Pin To Net: NetName=+5V Pin=C18-2
Added Pin To Net: NetName=GND Pin=C19-1
Added Pin To Net: NetName=+5V Pin=C19-2
Added Pin To Net: NetName=+5V Pin=H2-2
Added Pin To Net: NetName=AUX Out 1 Pin=H2-3
Added Pin To Net: NetName=AUX Out 2 Pin=H3-3
Added Pin To Net: NetName=AUX Out 3 Pin=H4-3
Added Pin To Net: NetName=GND Pin=H5-1
Added Pin To Net: NetName=+5V Pin=H5-2
Added Pin To Net: NetName=AUX Out 4 Pin=H5-3
Added Pin To Net: NetName=Earth Pin=H5-MH1
Added Pin To Net: NetName=Earth Pin=H5-MH2
Added Pin To Net: NetName=+5V Pin=H6-1
Added Pin To Net: NetName=Main Out 1 Pin=H6-3
Added Pin To Net: NetName=Main Out 2 Pin=H6-4
Added Pin To Net: NetName=Control 1 Pin=H6-5
Added Pin To Net: NetName=Control 1 Pin=H6-6
Added Pin To Net: NetName=Control 2 Pin=H6-7
Added Pin To Net: NetName=Control 2 Pin=H6-8
Added Pin To Net: NetName=GND Pin=H6-9
Added Pin To Net: NetName=GND Pin=H6-10
Added Pin To Net: NetName=+5V Pin=H7-2
Added Pin To Net: NetName=Main Out 3 Pin=H7-3
Added Pin To Net: NetName=Main Out 4 Pin=H7-4
Added Pin To Net: NetName=Control 1 Pin=H7-5
Added Pin To Net: NetName=Control 1 Pin=H7-6
Added Pin To Net: NetName=Control 2 Pin=H7-7
Added Pin To Net: NetName=Control 2 Pin=H7-8
Added Pin To Net: NetName=GND Pin=H7-9
Added Pin To Net: NetName=GND Pin=H7-10
Added Pin To Net: NetName=+5V Pin=H8-2
Added Pin To Net: NetName=Main Out 5 Pin=H8-3
Added Pin To Net: NetName=Main Out 6 Pin=H8-4
Added Pin To Net: NetName=Control 1 Pin=H8-5
Added Pin To Net: NetName=Control 1 Pin=H8-6
Added Pin To Net: NetName=Control 2 Pin=H8-7
Added Pin To Net: NetName=Control 2 Pin=H8-8
Added Pin To Net: NetName=GND Pin=H8-9
Added Pin To Net: NetName=GND Pin=H8-10
Added Pin To Net: NetName=+5V Pin=H10-1
Added Pin To Net: NetName=SDA Pin=H10-2
Added Pin To Net: NetName=SCL Pin=H10-3
Added Pin To Net: NetName=GND Pin=H10-4
Added Pin To Net: NetName=Earth Pin=H10-MH1
Added Pin To Net: NetName=Earth Pin=H10-MH2
Added Pin To Net: NetName=+5V Pin=H11-1
Added Pin To Net: NetName=SDA Pin=H11-2
Added Pin To Net: NetName=SCL Pin=H11-3
Added Pin To Net: NetName=GND Pin=H11-4
Added Pin To Net: NetName=Earth Pin=H11-MH1
Added Pin To Net: NetName=Earth Pin=H11-MH2
Added Pin To Net: NetName=SDA Pin=H12-2
Added Pin To Net: NetName=SCL Pin=H12-3
Added Pin To Net: NetName=GND Pin=H12-4
Added Pin To Net: NetName=+5V Pin=H13-1
Added Pin To Net: NetName=SDA Pin=H13-2
Added Pin To Net: NetName=SCL Pin=H13-3
Added Pin To Net: NetName=GND Pin=H13-4
Added Pin To Net: NetName=SDA Pin=H14-2
Added Pin To Net: NetName=SCL Pin=H14-3
Added Pin To Net: NetName=GND Pin=H14-4
Added Pin To Net: NetName=SDA Pin=H15-2
Added Pin To Net: NetName=SCL Pin=H15-3
Added Pin To Net: NetName=GND Pin=H15-4
Added Pin To Net: NetName=+5V Pin=H16-1
Added Pin To Net: NetName=SDA Pin=H16-2
Added Pin To Net: NetName=SCL Pin=H16-3
Added Pin To Net: NetName=GND Pin=H16-4
Added Pin To Net: NetName=+5V Pin=H17-1
Added Pin To Net: NetName=SDA Pin=H17-2
Added Pin To Net: NetName=SCL Pin=H17-3
Added Pin To Net: NetName=GND Pin=H17-4
Added Pin To Net: NetName=GND Pin=H18-1
Added Pin To Net: NetName=Battery RX Pin=H18-2
Added Pin To Net: NetName=Battery TX Pin=H18-3
Added Pin To Net: NetName=Earth Pin=H18-MH1
Added Pin To Net: NetName=Earth Pin=H18-MH2
Added Pin To Net: NetName=Earth Pin=Mount1-1
Added Pin To Net: NetName=Earth Pin=Mount2-1
Added Pin To Net: NetName=Earth Pin=Mount3-1
Added Pin To Net: NetName=Earth Pin=Mount4-1
Added Pin To Net: NetName=GND Pin=R4-1
Added Pin To Net: NetName=Battery VIN Pin=U2-1
Added Pin To Net: NetName=Battery VIN Pin=U2-2
Added Pin To Net: NetName=GND Pin=U2-3
Added Pin To Net: NetName=GND Pin=X3-1
Added Pin To Net: NetName=GND Pin=X3-1
Added Pin To Net: NetName=GND Pin=X3-1
Added Pin To Net: NetName=GND Pin=X3-1
Added Pin To Net: NetName=GND Pin=X3-1
Added Pin To Net: NetName=GND Pin=X3-1
Added Pin To Net: NetName=Battery VIN Pin=X4-1
Added Pin To Net: NetName=Battery VIN Pin=X4-1
Added Pin To Net: NetName=Battery VIN Pin=X4-1
Added Pin To Net: NetName=Battery VIN Pin=X4-1
Added Pin To Net: NetName=Battery VIN Pin=X4-1
Added Pin To Net: NetName=Battery VIN Pin=X4-1
Added Pin To Net: NetName=Radio RX Pin=X6-1
Added Pin To Net: NetName=Radio TX Pin=X6-2
Added Pin To Net: NetName=Radio CTS Pin=X6-3
Added Pin To Net: NetName=Radio RTS Pin=X6-4
Added Pin To Net: NetName=GND Pin=X6-5
Added Pin To Net: NetName=GND Pin=X7-2
Added Pin To Net: NetName=+3V3 Pin=C8-1
Added Pin To Net: NetName=+3V3 Pin=C10-2
Added Pin To Net: NetName=+3V3 Pin=R3-2
Added Pin To Net: NetName=+3V3 Pin=U2-4
Added Pin To Net: NetName=+3V3 Pin=X7-1
Added Net: Name=+3V3
Added Pin To Net: NetName=NetR3_1 Pin=R3-1
Added Pin To Net: NetName=NetR3_1 Pin=R4-2
Added Pin To Net: NetName=NetR3_1 Pin=U2-5
Added Net: Name=NetR3_1
Change Class Name : Old Net Name=Devices New Net Name=CubePilot and Motor Drivers
Added Class: Name=I2C Connections
Added Class: Name=Misc
Added Class: Name=Raspberry Pi and RF Devices
Added Class: Name=Supply_Nets
Added Member To Class: ClassName=Power Member=Component C7 SMD Polarized
Added Member To Class: ClassName=Power Member=Component C8 SMD Polarized
Added Member To Class: ClassName=Power Member=Component C9 SMD Nonpolarized
Added Member To Class: ClassName=Power Member=Component C10 SMD Nonpolarized
Added Member To Class: ClassName=Power Member=Component R3 [Res] SMD Resistor
Added Member To Class: ClassName=Power Member=Component R4 [Res] SMD Resistor
Added Member To Class: ClassName=Power Member=Component U2 3V3
Added Member To Class: ClassName=Power Member=Component X2 7461057
Added Member To Class: ClassName=Power Member=Component X3 7461057
Added Member To Class: ClassName=Power Member=Component X4 7461057
Added Member To Class: ClassName=Power Member=Component X5 7461057
Added Member To Class: ClassName=CubePilot and Motor Drivers Member=Component X6 JST
Added Member To Class: ClassName=CubePilot and Motor Drivers Member=Component X7 JST
Added Rule: Name=Schematic Supply Nets_2
Added Rule: Name=Schematic Supply Nets_4
