Removed Pin From Net: NetName=+5V Pin=C4-1
Removed Pin From Net: NetName=GND Pin=C5-1
Removed Pin From Net: NetName=Battery VIN Pin=C5-2
Removed Pin From Net: NetName=GND Pin=C6-1
Removed Pin From Net: NetName=+5V Pin=C6-2
Removed Pin From Net: NetName=+5V Pin=R1-2
Removed Pin From Net: NetName=GND Pin=R2-1
Removed Pin From Net: NetName=Battery VIN Pin=U1-1
Removed Pin From Net: NetName=GND Pin=U1-3
Removed Pin From Net: NetName=+5V Pin=U1-4
Removed Member From Class: ClassName=Power Member=R1
Removed Member From Class: ClassName=Power Member=R2
Change Component Footprint: Designator=C5 Old Footprint=[Cap] SMD 0805 New Footprint=[Cap] Thru-Hole Polarized 3.5mm
Change Component Footprint: Designator=C3 Old Footprint=[Cap] SMD Polarized, 4mm New Footprint=[Cap] Thru-Hole Polarized 3.5mm
Change Component Footprint: Designator=C4 Old Footprint=[Cap] SMD Polarized, 4mm New Footprint=[Cap] Thru-Hole Polarized 3.5mm
Change Component Footprint: Designator=U1 Old Footprint=[Reg] Variable Voltage Regulator New Footprint=[Reg] 5V Regulator (3)
Change Component Comment : Designator=U1 Old Comment=5V New Comment=5V 5A
Change Component Comment : Designator=C5 Old Comment=SMD Nonpolarized New Comment=Thru-Hole Polarized
Change Component Comment : Designator=C3 Old Comment=SMD Polarized New Comment=Thru-Hole Polarized
Change Component Comment : Designator=C4 Old Comment=SMD Polarized New Comment=Thru-Hole Polarized
Change Component Designator: OldDesignator=X? NewDesignator=X6
Change component parameters: Designator = "C3" ("C3"); Footprint = "[Cap] SMD Polarized, 4mm"; UniqueID = "\ZINGASIY" ("\ZINGASIY")
Change component parameters (AddParameter): Name = "Capacitance"; Value = "15uF"; VariantName = "[No Variations]"
Change component parameters (AddParameter): Name = "Pin Spacing"; Value = "3mm"; VariantName = "[No Variations]"
Change component parameters (AddParameter): Name = "Tolerance"; Value = "20%"; VariantName = "[No Variations]"
Change component parameters (AddParameter): Name = "Voltage"; Value = "50V"; VariantName = "[No Variations]"
Change component parameters: Designator = "C4" ("C4"); Footprint = "[Cap] SMD Polarized, 4mm"; UniqueID = "\HLGTTEAL" ("\HLGTTEAL")
Change component parameters (AddParameter): Name = "Capacitance"; Value = "15uF"; VariantName = "[No Variations]"
Change component parameters (AddParameter): Name = "Pin Spacing"; Value = "3mm"; VariantName = "[No Variations]"
Change component parameters (AddParameter): Name = "Tolerance"; Value = "20%"; VariantName = "[No Variations]"
Change component parameters (AddParameter): Name = "Voltage"; Value = "50V"; VariantName = "[No Variations]"
Change component parameters: Designator = "C5" ("C5"); Footprint = "[Cap] SMD 0805"; UniqueID = "\XNBRUBFP" ("\XNBRUBFP")
Change component parameters (AddParameter): Name = "Capacitance"; Value = "15uF"; VariantName = "[No Variations]"
Change component parameters (AddParameter): Name = "Pin Spacing"; Value = "3mm"; VariantName = "[No Variations]"
Change component parameters (AddParameter): Name = "Tolerance"; Value = "20%"; VariantName = "[No Variations]"
Change component parameters (AddParameter): Name = "Voltage"; Value = "50V"; VariantName = "[No Variations]"
Change component parameters: Designator = "C6" ("C6"); Footprint = "[Cap] SMD 0805"; UniqueID = "\WNUZMYPX" ("\WNUZMYPX")
Change component parameters (AddParameter): Name = "Capacitance"; Value = "100nF"; VariantName = "[No Variations]"
Change component parameters (AddParameter): Name = "Size Package"; Value = "0805"; VariantName = "[No Variations]"
Change component parameters (AddParameter): Name = "Tolerance"; Value = "20%"; VariantName = "[No Variations]"
Change component parameters (AddParameter): Name = "Voltage"; Value = "6.3V"; VariantName = "[No Variations]"
Added Component: Designator=C21([Cap] SMD 0805)
Add component (AddParameter): Name = "Capacitance"; Value = "0.47uF"; VariantName = "[No Variations]"
Add component (AddParameter): Name = "Size Package"; Value = "0805"; VariantName = "[No Variations]"
Add component (AddParameter): Name = "Tolerance"; Value = "20%"; VariantName = "[No Variations]"
Add component (AddParameter): Name = "Voltage"; Value = "6.3V"; VariantName = "[No Variations]"
Added Component: Designator=C22([Cap] Thru-Hole Polarized 3.5mm)
Add component (AddParameter): Name = "Capacitance"; Value = "180uF"; VariantName = "[No Variations]"
Add component (AddParameter): Name = "Pin Spacing"; Value = "3mm"; VariantName = "[No Variations]"
Add component (AddParameter): Name = "Tolerance"; Value = "20%"; VariantName = "[No Variations]"
Add component (AddParameter): Name = "Voltage"; Value = "50V"; VariantName = "[No Variations]"
Added Component: Designator=C23([Cap] Thru-Hole Polarized 3.5mm)
Add component (AddParameter): Name = "Capacitance"; Value = "180uF"; VariantName = "[No Variations]"
Add component (AddParameter): Name = "Pin Spacing"; Value = "3mm"; VariantName = "[No Variations]"
Add component (AddParameter): Name = "Tolerance"; Value = "20%"; VariantName = "[No Variations]"
Add component (AddParameter): Name = "Voltage"; Value = "50V"; VariantName = "[No Variations]"
Added Component: Designator=D?([Diode] SMD SOD-123)
Add component (AddParameter): Name = "Size Package"; Value = "TO263AB"; VariantName = "[No Variations]"
Added Component: Designator=L1([Inductor] SMD 0603)
Add component (AddParameter): Name = "Inductance"; Value = "10uH"; VariantName = "[No Variations]"
Add component (AddParameter): Name = "JLC Part #"; Value = ""; VariantName = "[No Variations]"
Add component (AddParameter): Name = "Mouser Part #"; Value = ""; VariantName = "[No Variations]"
Add component (AddParameter): Name = "Size Package"; Value = "0603"; VariantName = "[No Variations]"
Added Pin To Net: NetName=Battery VIN Pin=C4-1
Added Pin To Net: NetName=Battery VIN Pin=C5-1
Added Pin To Net: NetName=GND Pin=C5-2
Added Pin To Net: NetName=GND Pin=C21-1
Added Pin To Net: NetName=Battery VIN Pin=C21-2
Added Pin To Net: NetName=+5V Pin=C22-1
Added Pin To Net: NetName=GND Pin=C22-2
Added Pin To Net: NetName=+5V Pin=C23-1
Added Pin To Net: NetName=GND Pin=C23-2
Added Pin To Net: NetName=GND Pin=D?-2
Added Pin To Net: NetName=+5V Pin=L1-2
Added Pin To Net: NetName=GND Pin=U1-4
Added Pin To Net: NetName=Battery VIN Pin=U1-7
Added Pin To Net: NetName=GND Pin=U1-8
Added Pin To Net: NetName=NetC6_1 Pin=C6-1
Added Pin To Net: NetName=NetC6_1 Pin=U1-3
Added Net: Name=NetC6_1
Added Pin To Net: NetName=NetC6_2 Pin=C6-2
Added Pin To Net: NetName=NetC6_2 Pin=D?-1
Added Pin To Net: NetName=NetC6_2 Pin=L1-1
Added Pin To Net: NetName=NetC6_2 Pin=U1-1
Added Pin To Net: NetName=NetC6_2 Pin=U1-6
Added Net: Name=NetC6_2
Added Member To Class: ClassName=Power Member=Component C21 SMD Nonpolarized
Added Member To Class: ClassName=Power Member=Component C22 Thru-Hole Polarized
Added Member To Class: ClassName=Power Member=Component C23 Thru-Hole Polarized
Added Member To Class: ClassName=Power Member=Component D? Schottky
Added Member To Class: ClassName=Power Member=Component L1 SMD Inductor
